// Vitest Snapshot v1, https://vitest.dev/guide/snapshot.html

exports[`ProgressionError > matches snapshot 1`] = `
<div>
  <div
    class="w-full max-w-2xl mx-auto px-4 sm:px-6 py-8 sm:py-12 min-h-screen flex items-start justify-center"
  >
    <div
      class="bg-red-50 border border-red-200 rounded-lg sm:rounded-xl p-6 sm:p-8 w-full"
    >
      <h1
        class="text-2xl sm:text-3xl font-semibold text-red-800 mb-3 sm:mb-4"
      >
        Erreur de chargement
      </h1>
      <p
        class="text-red-600 mb-6 sm:mb-8 text-sm sm:text-base"
      >
        Test error message
      </p>
      <button
        class="w-full sm:w-auto px-6 py-3 font-semibold text-white bg-red-500 rounded-md hover:bg-red-600 focus:outline-none focus:ring-2 focus:ring-offset-2 focus:ring-red-500 transition-colors touch-manipulation"
      >
        Rafra√Æchir la page
      </button>
    </div>
  </div>
</div>
`;
