// Vitest Snapshot v1, https://vitest.dev/guide/snapshot.html

exports[`ProgressionHeader > matches snapshot 1`] = `
<div>
  <header
    class="bg-slate-100 px-4 sm:px-6 py-6 sm:py-8 border-b border-slate-200"
  >
    <div
      class="flex flex-col sm:flex-row sm:items-center sm:justify-between gap-4 sm:gap-0"
    >
      <div
        class="flex-1 min-w-0"
      >
        <div
          class="flex items-center justify-between flex-wrap gap-1"
        >
          <h1
            class="text-xl md:text-2xl lg:text-3xl text-slate-800 font-medium"
          >
            Test Timeline
          </h1>
          <div
            class="flex items-baseline gap-2 text-slate-600 text-sm sm:text-base flex-shrink-0"
          >
            <strong
              class="text-slate-800"
            >
              CP
            </strong>
            <span
              class="hidden sm:inline"
            >
              â€¢
            </span>
            <span
              class="text-slate-700"
            >
              2024
            </span>
          </div>
        </div>
        <p
          class="text-sm md:text-base lg:text-lg text-slate-600 mt-1"
        >
          A test timeline description
        </p>
      </div>
    </div>
  </header>
</div>
`;
