// Vitest Snapshot v1, https://vitest.dev/guide/snapshot.html

exports[`ProgressionView > matches snapshot 1`] = `
<div>
  <section
    class="bg-white rounded-lg sm:rounded-xl overflow-hidden shadow-sm sm:shadow-md border border-slate-200"
  >
    <header
      class="bg-slate-100 px-4 sm:px-6 py-6 sm:py-8 border-b border-slate-200"
    >
      <div
        class="flex flex-col sm:flex-row sm:items-center sm:justify-between gap-4 sm:gap-0"
      >
        <div
          class="flex-1 min-w-0"
        >
          <div
            class="flex items-center justify-between flex-wrap gap-1"
          >
            <h1
              class="text-xl md:text-2xl lg:text-3xl text-slate-800 font-medium"
            >
              Test Progression
            </h1>
            <div
              class="flex items-baseline gap-2 text-slate-600 text-sm sm:text-base flex-shrink-0"
            >
              <strong
                class="text-slate-800"
              >
                CP
              </strong>
              <span
                class="hidden sm:inline"
              >
                •
              </span>
              <span
                class="text-slate-700"
              >
                2024
              </span>
            </div>
          </div>
          <p
            class="text-sm md:text-base lg:text-lg text-slate-600 mt-1"
          >
            Test Description
          </p>
        </div>
      </div>
    </header>
    <div
      class="relative overflow-x-auto"
    >
      <div
        class="min-w-max"
      >
        <table
          class="w-full border-collapse"
        >
          <caption
            class="sr-only"
          >
            Tableau de progression des matières par périodes
          </caption>
          <thead>
            <tr>
              <th
                class="sticky left-0 z-10 w-48 sm:w-56 md:w-64 bg-slate-50 border-r border-slate-200 h-12 px-2 sm:px-3 text-center"
                scope="col"
              >
                <span
                  class="text-slate-700 text-xs sm:text-sm font-medium"
                  data-testid="matieres-header"
                >
                  <span
                    class="hidden sm:inline"
                  >
                    Matières
                  </span>
                  <span
                    class="sm:hidden"
                  >
                    Mat.
                  </span>
                </span>
              </th>
              <th
                class="w-48 sm:w-56 md:w-64 border-r border-slate-200 text-center px-1 bg-slate-50 select-none"
                scope="col"
                style="background: var(--color-blue);"
                title="Période 1 du 01 janvier au 07 janvier"
              >
                <div
                  class="text-slate-700 text-xs sm:text-sm font-medium"
                  data-testid="periode-name"
                >
                  Période 1
                </div>
                <div
                  class="text-slate-800 text-xs hidden sm:block"
                >
                  01 janvier
                   - 
                  07 janvier
                </div>
                <div
                  class="text-slate-800 text-xs sm:hidden"
                >
                  01 janv.
                </div>
              </th>
              <th
                class="w-48 sm:w-56 md:w-64 border-r border-slate-200 text-center px-1 bg-slate-50 select-none"
                scope="col"
                style="background: var(--color-green);"
                title="Période 2 du 08 janvier au 14 janvier"
              >
                <div
                  class="text-slate-700 text-xs sm:text-sm font-medium"
                  data-testid="periode-name"
                >
                  Période 2
                </div>
                <div
                  class="text-slate-800 text-xs hidden sm:block"
                >
                  08 janvier
                   - 
                  14 janvier
                </div>
                <div
                  class="text-slate-800 text-xs sm:hidden"
                >
                  08 janv.
                </div>
              </th>
            </tr>
          </thead>
          <tbody>
            <tr>
              <th
                class="sticky left-0 z-10 flex flex-col w-48 sm:w-56 md:w-64 h-44 bg-slate-50 border-r border-t border-slate-200 px-2 sm:px-3 py-2 text-center select-none"
                scope="row"
              >
                <div
                  class="flex flex-col items-center gap-1 sm:gap-2 w-full min-h-0"
                >
                  <span
                    class="w-2 h-2 sm:w-3 sm:h-3 rounded-sm flex-shrink-0"
                    style="background: var(--color-blue);"
                  />
                  <span
                    class="text-slate-800 text-xs sm:text-sm font-medium text-center leading-tight overflow-hidden line-clamp-2"
                    data-testid="domaine-name"
                    title="Numbers"
                  >
                    Numbers
                  </span>
                  <span
                    class="text-slate-500 text-xs font-light text-center leading-tight overflow-hidden line-clamp-2"
                    data-testid="matiere-name"
                    title="Math"
                  >
                    Math
                  </span>
                </div>
                <div
                  class="text-slate-500 text-xs mt-auto"
                  data-testid="domaine-count"
                >
                  <span
                    class="hidden sm:inline"
                  >
                    2
                     semaines
                  </span>
                  <span
                    class="sm:hidden"
                  >
                    2
                  </span>
                </div>
              </th>
              <td
                class="min-w-48 sm:min-w-56 md:min-w-64 border-r border-slate-200 align-top p-1 overflow-auto bg-slate-50"
              >
                <ul
                  class="flex flex-col gap-1"
                >
                  <li
                    class="px-1.5 sm:px-2 py-1 rounded-md shadow-md transition-all min-h-6 text-slate-800 text-xs font-medium leading-tight break-words w-full select-none touch-manipulation"
                    style="background: var(--color-blue);"
                  >
                    Addition
                  </li>
                </ul>
              </td>
              <td
                class="min-w-48 sm:min-w-56 md:min-w-64 border-r border-slate-200 align-top p-1 overflow-auto bg-white"
              >
                <ul
                  class="flex flex-col gap-1"
                >
                  <li
                    class="px-1.5 sm:px-2 py-1 rounded-md shadow-md transition-all min-h-6 text-slate-800 text-xs font-medium leading-tight break-words w-full select-none touch-manipulation"
                    style="background: var(--color-blue);"
                  >
                    Subtraction
                  </li>
                </ul>
              </td>
            </tr>
            <tr>
              <th
                class="sticky left-0 z-10 flex flex-col w-48 sm:w-56 md:w-64 h-44 bg-slate-50 border-r border-t border-slate-200 px-2 sm:px-3 py-2 text-center select-none"
                scope="row"
              >
                <div
                  class="flex flex-col items-center gap-1 sm:gap-2 w-full min-h-0"
                >
                  <span
                    class="w-2 h-2 sm:w-3 sm:h-3 rounded-sm flex-shrink-0"
                    style="background: var(--color-green);"
                  />
                  <span
                    class="text-slate-800 text-xs sm:text-sm font-medium text-center leading-tight overflow-hidden line-clamp-2"
                    data-testid="domaine-name"
                    title="Reading"
                  >
                    Reading
                  </span>
                  <span
                    class="text-slate-500 text-xs font-light text-center leading-tight overflow-hidden line-clamp-2"
                    data-testid="matiere-name"
                    title="French"
                  >
                    French
                  </span>
                </div>
                <div
                  class="text-slate-500 text-xs mt-auto"
                  data-testid="domaine-count"
                >
                  <span
                    class="hidden sm:inline"
                  >
                    1
                     semaines
                  </span>
                  <span
                    class="sm:hidden"
                  >
                    1
                  </span>
                </div>
              </th>
              <td
                class="min-w-48 sm:min-w-56 md:min-w-64 border-r border-slate-200 align-top p-1 overflow-auto bg-slate-50"
              >
                <ul
                  class="flex flex-col gap-1"
                >
                  <li
                    class="px-1.5 sm:px-2 py-1 rounded-md shadow-md transition-all min-h-6 text-slate-800 text-xs font-medium leading-tight break-words w-full select-none touch-manipulation"
                    style="background: var(--color-green);"
                  >
                    Letters
                  </li>
                </ul>
              </td>
              <td
                class="min-w-48 sm:min-w-56 md:min-w-64 border-r border-slate-200 align-top p-1 overflow-auto bg-white"
              >
                <ul
                  class="flex flex-col gap-1"
                />
              </td>
            </tr>
          </tbody>
        </table>
      </div>
    </div>
    <footer
      class="bg-slate-50 border-t border-slate-200 px-3 sm:px-4 py-2 sm:py-3"
    >
      <div
        class="flex items-center justify-between gap-4"
      >
        <div
          class="flex items-center gap-2 text-slate-600 text-xs sm:text-sm"
        >
          <span
            class="flex items-center gap-1"
          >
            <span
              class="font-medium"
            >
              2
            </span>
            <span>
              semaine
              s
            </span>
          </span>
          <span
            class="text-slate-400"
          >
            •
          </span>
          <span
            class="flex items-center gap-1"
          >
            <span
              class="font-medium"
            >
              2
            </span>
            <span>
              matière
              s
            </span>
          </span>
        </div>
        <div
          class="touch-only text-xs text-slate-500 bg-white/80 px-2 py-1 rounded-md shadow-sm pointer-events-none"
          role="alert"
        >
          ← Glissez pour défiler →
        </div>
      </div>
    </footer>
  </section>
</div>
`;
